Using pre-set license
Built from '2021.3/staging' branch; Version is '2021.3.24f1 (cf10dcf7010d) revision 13570268'; Using compiler version '192829333'; Build Type 'Release'
OS: 'Windows 11  (10.0.22631) 64bit Core' Language: 'ko' Physical Memory: 16010 MB
BatchMode: 1, IsHumanControllingUs: 0, StartBugReporterOnCrash: 0, Is64bit: 1, IsPro: 1

COMMAND LINE ARGUMENTS:
C:\Program Files\Unity\Hub\Editor\2021.3.24f1\Editor\Unity.exe
-adb2
-batchMode
-noUpm
-name
AssetImportWorker0
-projectPath
C:/Users/a0108/OneDrive/바탕 화면/6주차
-logFile
Logs/AssetImportWorker0.log
-srvPort
54141
Successfully changed project path to: C:/Users/a0108/OneDrive/바탕 화면/6주차
C:/Users/a0108/OneDrive/바탕 화면/6주차
[UnityMemory] Configuration Parameters - Can be set up in boot.config
    "memorysetup-bucket-allocator-granularity=16"
    "memorysetup-bucket-allocator-bucket-count=8"
    "memorysetup-bucket-allocator-block-size=33554432"
    "memorysetup-bucket-allocator-block-count=8"
    "memorysetup-main-allocator-block-size=16777216"
    "memorysetup-thread-allocator-block-size=16777216"
    "memorysetup-gfx-main-allocator-block-size=16777216"
    "memorysetup-gfx-thread-allocator-block-size=16777216"
    "memorysetup-cache-allocator-block-size=4194304"
    "memorysetup-typetree-allocator-block-size=2097152"
    "memorysetup-profiler-bucket-allocator-granularity=16"
    "memorysetup-profiler-bucket-allocator-bucket-count=8"
    "memorysetup-profiler-bucket-allocator-block-size=33554432"
    "memorysetup-profiler-bucket-allocator-block-count=8"
    "memorysetup-profiler-allocator-block-size=16777216"
    "memorysetup-profiler-editor-allocator-block-size=1048576"
    "memorysetup-temp-allocator-size-main=16777216"
    "memorysetup-job-temp-allocator-block-size=2097152"
    "memorysetup-job-temp-allocator-block-size-background=1048576"
    "memorysetup-job-temp-allocator-reduction-small-platforms=262144"
    "memorysetup-temp-allocator-size-background-worker=32768"
    "memorysetup-temp-allocator-size-job-worker=262144"
    "memorysetup-temp-allocator-size-preload-manager=33554432"
    "memorysetup-temp-allocator-size-nav-mesh-worker=65536"
    "memorysetup-temp-allocator-size-audio-worker=65536"
    "memorysetup-temp-allocator-size-cloud-worker=32768"
    "memorysetup-temp-allocator-size-gi-baking-worker=262144"
    "memorysetup-temp-allocator-size-gfx=262144"
Player connection [29928] Host "[IP] 192.168.2.251 [Port] 0 [Flags] 2 [Guid] 1318807310 [EditorId] 1318807310 [Version] 1048832 [Id] WindowsEditor(7,BOOK-V0NQ3TJAQQ) [Debug] 1 [PackageName] WindowsEditor [ProjectName] Editor" joined multi-casting on [225.0.0.222:54997]...

Player connection [29928] Host "[IP] 192.168.2.251 [Port] 0 [Flags] 2 [Guid] 1318807310 [EditorId] 1318807310 [Version] 1048832 [Id] WindowsEditor(7,BOOK-V0NQ3TJAQQ) [Debug] 1 [PackageName] WindowsEditor [ProjectName] Editor" joined alternative multi-casting on [225.0.0.222:34997]...

Refreshing native plugins compatible for Editor in 100.20 ms, found 3 plugins.
Preloading 0 native plugins for Editor in 0.00 ms.
Initialize engine version: 2021.3.24f1 (cf10dcf7010d)
[Subsystems] Discovering subsystems at path C:/Program Files/Unity/Hub/Editor/2021.3.24f1/Editor/Data/Resources/UnitySubsystems
[Subsystems] Discovering subsystems at path C:/Users/a0108/OneDrive/바탕 화면/6주차/Assets
GfxDevice: creating device client; threaded=0; jobified=0
Direct3D:
    Version:  Direct3D 11.0 [level 11.1]
    Renderer: Intel(R) Arc(TM) A350M Graphics (ID=0x5694)
    Vendor:   Intel
    VRAM:     4018 MB
    Driver:   30.0.101.1747
Initialize mono
Mono path[0] = 'C:/Program Files/Unity/Hub/Editor/2021.3.24f1/Editor/Data/Managed'
Mono path[1] = 'C:/Program Files/Unity/Hub/Editor/2021.3.24f1/Editor/Data/MonoBleedingEdge/lib/mono/unityjit-win32'
Mono config path = 'C:/Program Files/Unity/Hub/Editor/2021.3.24f1/Editor/Data/MonoBleedingEdge/etc'
Using monoOptions --debugger-agent=transport=dt_socket,embedding=1,server=y,suspend=n,address=127.0.0.1:56804
Begin MonoManager ReloadAssembly
Registering precompiled unity dll's ...
Register platform support module: C:/Program Files/Unity/Hub/Editor/2021.3.24f1/Editor/Data/PlaybackEngines/WebGLSupport/UnityEditor.WebGL.Extensions.dll
Register platform support module: C:/Program Files/Unity/Hub/Editor/2021.3.24f1/Editor/Data/PlaybackEngines/WindowsStandaloneSupport/UnityEditor.WindowsStandalone.Extensions.dll
Registered in 0.016046 seconds.
Native extension for WindowsStandalone target not found
Native extension for WebGL target not found
Refreshing native plugins compatible for Editor in 63.60 ms, found 3 plugins.
Preloading 0 native plugins for Editor in 0.00 ms.
Mono: successfully reloaded assembly
- Completed reload, in  0.771 seconds
Domain Reload Profiling:
	ReloadAssembly (771ms)
		BeginReloadAssembly (192ms)
			ExecutionOrderSort (0ms)
			DisableScriptedObjects (0ms)
			BackupInstance (0ms)
			ReleaseScriptingObjects (0ms)
			CreateAndSetChildDomain (1ms)
		EndReloadAssembly (456ms)
			LoadAssemblies (127ms)
			RebuildTransferFunctionScriptingTraits (0ms)
			SetupTypeCache (102ms)
			ReleaseScriptCaches (0ms)
			RebuildScriptCaches (27ms)
			SetupLoadedEditorAssemblies (268ms)
				LogAssemblyErrors (0ms)
				InitializePlatformSupportModulesInManaged (10ms)
				SetLoadedEditorAssemblies (0ms)
				RefreshPlugins (64ms)
				BeforeProcessingInitializeOnLoad (1ms)
				ProcessInitializeOnLoadAttributes (111ms)
				ProcessInitializeOnLoadMethodAttributes (82ms)
				AfterProcessingInitializeOnLoad (0ms)
				EditorAssembliesLoaded (0ms)
			ExecutionOrderSort2 (0ms)
			AwakeInstancesAfterBackupRestoration (0ms)
Platform modules already initialized, skipping
Registering precompiled user dll's ...
Registered in 0.010897 seconds.
Begin MonoManager ReloadAssembly
Symbol file LoadedFromMemory doesn't match image C:\Users\a0108\OneDrive\바탕 화면\6주차\Library\PackageCache\com.unity.visualscripting@1.8.0\Editor\VisualScripting.Core\Dependencies\YamlDotNet\Unity.VisualScripting.YamlDotNet.dll
Symbol file LoadedFromMemory doesn't match image C:\Users\a0108\OneDrive\바탕 화면\6주차\Library\PackageCache\com.unity.visualscripting@1.8.0\Editor\VisualScripting.Core\Dependencies\DotNetZip\Unity.VisualScripting.IonicZip.dll
Native extension for WindowsStandalone target not found
Native extension for WebGL target not found
Refreshing native plugins compatible for Editor in 0.45 ms, found 3 plugins.
Preloading 0 native plugins for Editor in 0.00 ms.
Mono: successfully reloaded assembly
- Completed reload, in  1.060 seconds
Domain Reload Profiling:
	ReloadAssembly (1061ms)
		BeginReloadAssembly (153ms)
			ExecutionOrderSort (0ms)
			DisableScriptedObjects (6ms)
			BackupInstance (0ms)
			ReleaseScriptingObjects (0ms)
			CreateAndSetChildDomain (18ms)
		EndReloadAssembly (788ms)
			LoadAssemblies (132ms)
			RebuildTransferFunctionScriptingTraits (0ms)
			SetupTypeCache (256ms)
			ReleaseScriptCaches (0ms)
			RebuildScriptCaches (44ms)
			SetupLoadedEditorAssemblies (334ms)
				LogAssemblyErrors (0ms)
				InitializePlatformSupportModulesInManaged (9ms)
				SetLoadedEditorAssemblies (1ms)
				RefreshPlugins (1ms)
				BeforeProcessingInitializeOnLoad (83ms)
				ProcessInitializeOnLoadAttributes (210ms)
				ProcessInitializeOnLoadMethodAttributes (18ms)
				AfterProcessingInitializeOnLoad (13ms)
				EditorAssembliesLoaded (0ms)
			ExecutionOrderSort2 (0ms)
			AwakeInstancesAfterBackupRestoration (13ms)
Platform modules already initialized, skipping
========================================================================
Worker process is ready to serve import requests
Launched and connected shader compiler UnityShaderCompiler.exe after 2.85 seconds
Refreshing native plugins compatible for Editor in 0.42 ms, found 3 plugins.
Preloading 0 native plugins for Editor in 0.00 ms.
Unloading 3047 Unused Serialized files (Serialized files now loaded: 0)
Unloading 22 unused Assets / (56.0 KB). Loaded Objects now: 3509.
Memory consumption went from 111.8 MB to 111.7 MB.
Total: 2.677100 ms (FindLiveObjects: 0.198400 ms CreateObjectMapping: 0.092700 ms MarkObjects: 2.311000 ms  DeleteObjects: 0.073300 ms)

AssetImportParameters requested are different than current active one (requested -> active):
  custom:video-decoder-ogg-theora: a1e56fd34408186e4bbccfd4996cb3dc -> 
  custom:container-muxer-webm: aa71ff27fc2769a1b78a27578f13a17b -> 
  custom:container-demuxer-webm: 4f35f7cbe854078d1ac9338744f61a02 -> 
  custom:video-encoder-webm-vp8: eb34c28f22e8b96e1ab97ce403110664 -> 
  custom:video-codec-MediaFoundation-h265: 746d11721c4dcdbdad8f713fa42b33f4 -> 
  custom:audio-encoder-webm-vorbis: bf7c407c2cedff20999df2af8eb42d56 -> 
  custom:framework-win-MediaFoundation: 216162199b28c13a410421893ffa2e32 -> 
  custom:container-demuxer-ogg: 62fdf1f143b41e24485cea50d1cbac27 -> 
  custom:video-decoder-webm-vp8: 9c59270c3fd7afecdb556c50c9e8de78 -> 
  custom:audio-decoder-ogg-vorbis: bf7c407c2cedff20999df2af8eb42d56 -> 
========================================================================
Received Import Request.
  Time since last request: 66477.076700 seconds.
  path: Assets/Animal.cs
  artifactKey: Guid(c67dbab5e67f6c6488ab28463430c0ce) Importer(815301076,1909f56bfc062723c751e8b465ee728b)
Start importing Assets/Animal.cs using Guid(c67dbab5e67f6c6488ab28463430c0ce) Importer(815301076,1909f56bfc062723c751e8b465ee728b)  -> (artifact id: '62e87cccb401f7df92ce524d26ec07d0') in 0.070828 seconds 
========================================================================
Received Prepare
Registering precompiled user dll's ...
Registered in 0.009789 seconds.
Begin MonoManager ReloadAssembly
Symbol file LoadedFromMemory doesn't match image C:\Users\a0108\OneDrive\바탕 화면\6주차\Library\PackageCache\com.unity.visualscripting@1.8.0\Editor\VisualScripting.Core\Dependencies\YamlDotNet\Unity.VisualScripting.YamlDotNet.dll
Symbol file LoadedFromMemory doesn't match image C:\Users\a0108\OneDrive\바탕 화면\6주차\Library\PackageCache\com.unity.visualscripting@1.8.0\Editor\VisualScripting.Core\Dependencies\DotNetZip\Unity.VisualScripting.IonicZip.dll
Native extension for WindowsStandalone target not found
Native extension for WebGL target not found
Refreshing native plugins compatible for Editor in 0.43 ms, found 3 plugins.
Preloading 0 native plugins for Editor in 0.00 ms.
Mono: successfully reloaded assembly
- Completed reload, in  1.049 seconds
Domain Reload Profiling:
	ReloadAssembly (1049ms)
		BeginReloadAssembly (196ms)
			ExecutionOrderSort (0ms)
			DisableScriptedObjects (5ms)
			BackupInstance (0ms)
			ReleaseScriptingObjects (0ms)
			CreateAndSetChildDomain (33ms)
		EndReloadAssembly (733ms)
			LoadAssemblies (155ms)
			RebuildTransferFunctionScriptingTraits (0ms)
			SetupTypeCache (236ms)
			ReleaseScriptCaches (1ms)
			RebuildScriptCaches (33ms)
			SetupLoadedEditorAssemblies (303ms)
				LogAssemblyErrors (0ms)
				InitializePlatformSupportModulesInManaged (9ms)
				SetLoadedEditorAssemblies (0ms)
				RefreshPlugins (1ms)
				BeforeProcessingInitializeOnLoad (71ms)
				ProcessInitializeOnLoadAttributes (183ms)
				ProcessInitializeOnLoadMethodAttributes (17ms)
				AfterProcessingInitializeOnLoad (23ms)
				EditorAssembliesLoaded (0ms)
			ExecutionOrderSort2 (0ms)
			AwakeInstancesAfterBackupRestoration (21ms)
Platform modules already initialized, skipping
Refreshing native plugins compatible for Editor in 3.11 ms, found 3 plugins.
Preloading 0 native plugins for Editor in 0.00 ms.
Unloading 3041 Unused Serialized files (Serialized files now loaded: 0)
Unloading 15 unused Assets / (24.7 KB). Loaded Objects now: 3513.
Memory consumption went from 111.5 MB to 111.5 MB.
Total: 2.457200 ms (FindLiveObjects: 0.180400 ms CreateObjectMapping: 0.083500 ms MarkObjects: 2.170800 ms  DeleteObjects: 0.021300 ms)

AssetImportParameters requested are different than current active one (requested -> active):
  custom:video-decoder-ogg-theora: a1e56fd34408186e4bbccfd4996cb3dc -> 
  custom:container-muxer-webm: aa71ff27fc2769a1b78a27578f13a17b -> 
  custom:container-demuxer-webm: 4f35f7cbe854078d1ac9338744f61a02 -> 
  custom:video-encoder-webm-vp8: eb34c28f22e8b96e1ab97ce403110664 -> 
  custom:video-codec-MediaFoundation-h265: 746d11721c4dcdbdad8f713fa42b33f4 -> 
  custom:audio-encoder-webm-vorbis: bf7c407c2cedff20999df2af8eb42d56 -> 
  custom:framework-win-MediaFoundation: 216162199b28c13a410421893ffa2e32 -> 
  custom:container-demuxer-ogg: 62fdf1f143b41e24485cea50d1cbac27 -> 
  custom:video-decoder-webm-vp8: 9c59270c3fd7afecdb556c50c9e8de78 -> 
  custom:audio-decoder-ogg-vorbis: bf7c407c2cedff20999df2af8eb42d56 -> 
========================================================================
Received Import Request.
  Time since last request: 566.384421 seconds.
  path: Assets/Animal.cs
  artifactKey: Guid(c67dbab5e67f6c6488ab28463430c0ce) Importer(815301076,1909f56bfc062723c751e8b465ee728b)
Start importing Assets/Animal.cs using Guid(c67dbab5e67f6c6488ab28463430c0ce) Importer(815301076,1909f56bfc062723c751e8b465ee728b)  -> (artifact id: '3e59fad9885e346dc50b0295070ffbea') in 0.026692 seconds 
========================================================================
Received Import Request.
  Time since last request: 15.596816 seconds.
  path: Assets/Test.cs
  artifactKey: Guid(5c42d3401d6588c44962a067b3e2c449) Importer(815301076,1909f56bfc062723c751e8b465ee728b)
Start importing Assets/Test.cs using Guid(5c42d3401d6588c44962a067b3e2c449) Importer(815301076,1909f56bfc062723c751e8b465ee728b)  -> (artifact id: '9fbc6c96f8e7188a4556d2ed9419eefa') in 0.004357 seconds 
========================================================================
Received Import Request.
  Time since last request: 254.709684 seconds.
  path: Assets/Test.cs
  artifactKey: Guid(5c42d3401d6588c44962a067b3e2c449) Importer(815301076,1909f56bfc062723c751e8b465ee728b)
Start importing Assets/Test.cs using Guid(5c42d3401d6588c44962a067b3e2c449) Importer(815301076,1909f56bfc062723c751e8b465ee728b)  -> (artifact id: 'd879a5b9e5ac04d44089cf9f22c08ec3') in 0.010280 seconds 
========================================================================
Received Import Request.
  Time since last request: 35.061887 seconds.
  path: Assets/Animal.cs
  artifactKey: Guid(c67dbab5e67f6c6488ab28463430c0ce) Importer(815301076,1909f56bfc062723c751e8b465ee728b)
Start importing Assets/Animal.cs using Guid(c67dbab5e67f6c6488ab28463430c0ce) Importer(815301076,1909f56bfc062723c751e8b465ee728b)  -> (artifact id: '77333d36f78d0cd5c276f00cebefb058') in 0.022163 seconds 
========================================================================
Received Import Request.
  Time since last request: 78.392160 seconds.
  path: Assets/Test.cs
  artifactKey: Guid(5c42d3401d6588c44962a067b3e2c449) Importer(815301076,1909f56bfc062723c751e8b465ee728b)
Start importing Assets/Test.cs using Guid(5c42d3401d6588c44962a067b3e2c449) Importer(815301076,1909f56bfc062723c751e8b465ee728b)  -> (artifact id: '2c18d56a0dedbbe8237faddd3baf8569') in 0.323307 seconds 
========================================================================
Received Prepare
Registering precompiled user dll's ...
Registered in 0.026424 seconds.
Begin MonoManager ReloadAssembly
Symbol file LoadedFromMemory doesn't match image C:\Users\a0108\OneDrive\바탕 화면\6주차\Library\PackageCache\com.unity.visualscripting@1.8.0\Editor\VisualScripting.Core\Dependencies\YamlDotNet\Unity.VisualScripting.YamlDotNet.dll
Symbol file LoadedFromMemory doesn't match image C:\Users\a0108\OneDrive\바탕 화면\6주차\Library\PackageCache\com.unity.visualscripting@1.8.0\Editor\VisualScripting.Core\Dependencies\DotNetZip\Unity.VisualScripting.IonicZip.dll
Native extension for WindowsStandalone target not found
Native extension for WebGL target not found
Refreshing native plugins compatible for Editor in 0.56 ms, found 3 plugins.
Preloading 0 native plugins for Editor in 0.00 ms.
Mono: successfully reloaded assembly
- Completed reload, in  1.353 seconds
Domain Reload Profiling:
	ReloadAssembly (1355ms)
		BeginReloadAssembly (223ms)
			ExecutionOrderSort (0ms)
			DisableScriptedObjects (8ms)
			BackupInstance (0ms)
			ReleaseScriptingObjects (0ms)
			CreateAndSetChildDomain (38ms)
		EndReloadAssembly (992ms)
			LoadAssemblies (170ms)
			RebuildTransferFunctionScriptingTraits (0ms)
			SetupTypeCache (304ms)
			ReleaseScriptCaches (1ms)
			RebuildScriptCaches (57ms)
			SetupLoadedEditorAssemblies (432ms)
				LogAssemblyErrors (0ms)
				InitializePlatformSupportModulesInManaged (11ms)
				SetLoadedEditorAssemblies (1ms)
				RefreshPlugins (1ms)
				BeforeProcessingInitializeOnLoad (97ms)
				ProcessInitializeOnLoadAttributes (272ms)
				ProcessInitializeOnLoadMethodAttributes (25ms)
				AfterProcessingInitializeOnLoad (25ms)
				EditorAssembliesLoaded (0ms)
			ExecutionOrderSort2 (0ms)
			AwakeInstancesAfterBackupRestoration (25ms)
Platform modules already initialized, skipping
Refreshing native plugins compatible for Editor in 3.65 ms, found 3 plugins.
Preloading 0 native plugins for Editor in 0.00 ms.
Unloading 3042 Unused Serialized files (Serialized files now loaded: 0)
Unloading 15 unused Assets / (24.7 KB). Loaded Objects now: 3517.
Memory consumption went from 111.5 MB to 111.5 MB.
Total: 3.133800 ms (FindLiveObjects: 0.261500 ms CreateObjectMapping: 0.096300 ms MarkObjects: 2.740200 ms  DeleteObjects: 0.034400 ms)

AssetImportParameters requested are different than current active one (requested -> active):
  custom:video-decoder-ogg-theora: a1e56fd34408186e4bbccfd4996cb3dc -> 
  custom:container-muxer-webm: aa71ff27fc2769a1b78a27578f13a17b -> 
  custom:container-demuxer-webm: 4f35f7cbe854078d1ac9338744f61a02 -> 
  custom:video-encoder-webm-vp8: eb34c28f22e8b96e1ab97ce403110664 -> 
  custom:video-codec-MediaFoundation-h265: 746d11721c4dcdbdad8f713fa42b33f4 -> 
  custom:audio-encoder-webm-vorbis: bf7c407c2cedff20999df2af8eb42d56 -> 
  custom:framework-win-MediaFoundation: 216162199b28c13a410421893ffa2e32 -> 
  custom:container-demuxer-ogg: 62fdf1f143b41e24485cea50d1cbac27 -> 
  custom:video-decoder-webm-vp8: 9c59270c3fd7afecdb556c50c9e8de78 -> 
  custom:audio-decoder-ogg-vorbis: bf7c407c2cedff20999df2af8eb42d56 -> 
========================================================================
Received Prepare
Registering precompiled user dll's ...
Registered in 0.013748 seconds.
Begin MonoManager ReloadAssembly
Symbol file LoadedFromMemory doesn't match image C:\Users\a0108\OneDrive\바탕 화면\6주차\Library\PackageCache\com.unity.visualscripting@1.8.0\Editor\VisualScripting.Core\Dependencies\YamlDotNet\Unity.VisualScripting.YamlDotNet.dll
Symbol file LoadedFromMemory doesn't match image C:\Users\a0108\OneDrive\바탕 화면\6주차\Library\PackageCache\com.unity.visualscripting@1.8.0\Editor\VisualScripting.Core\Dependencies\DotNetZip\Unity.VisualScripting.IonicZip.dll
Native extension for WindowsStandalone target not found
Native extension for WebGL target not found
Refreshing native plugins compatible for Editor in 0.50 ms, found 3 plugins.
Preloading 0 native plugins for Editor in 0.00 ms.
Mono: successfully reloaded assembly
- Completed reload, in  1.414 seconds
Domain Reload Profiling:
	ReloadAssembly (1415ms)
		BeginReloadAssembly (217ms)
			ExecutionOrderSort (0ms)
			DisableScriptedObjects (7ms)
			BackupInstance (0ms)
			ReleaseScriptingObjects (0ms)
			CreateAndSetChildDomain (34ms)
		EndReloadAssembly (1070ms)
			LoadAssemblies (166ms)
			RebuildTransferFunctionScriptingTraits (0ms)
			SetupTypeCache (354ms)
			ReleaseScriptCaches (2ms)
			RebuildScriptCaches (49ms)
			SetupLoadedEditorAssemblies (462ms)
				LogAssemblyErrors (0ms)
				InitializePlatformSupportModulesInManaged (13ms)
				SetLoadedEditorAssemblies (1ms)
				RefreshPlugins (1ms)
				BeforeProcessingInitializeOnLoad (116ms)
				ProcessInitializeOnLoadAttributes (279ms)
				ProcessInitializeOnLoadMethodAttributes (25ms)
				AfterProcessingInitializeOnLoad (28ms)
				EditorAssembliesLoaded (0ms)
			ExecutionOrderSort2 (0ms)
			AwakeInstancesAfterBackupRestoration (19ms)
Platform modules already initialized, skipping
Refreshing native plugins compatible for Editor in 3.35 ms, found 3 plugins.
Preloading 0 native plugins for Editor in 0.00 ms.
Unloading 3042 Unused Serialized files (Serialized files now loaded: 0)
Unloading 15 unused Assets / (24.7 KB). Loaded Objects now: 3520.
Memory consumption went from 111.6 MB to 111.5 MB.
Total: 3.522200 ms (FindLiveObjects: 0.306800 ms CreateObjectMapping: 0.205200 ms MarkObjects: 2.977800 ms  DeleteObjects: 0.030500 ms)

AssetImportParameters requested are different than current active one (requested -> active):
  custom:video-decoder-ogg-theora: a1e56fd34408186e4bbccfd4996cb3dc -> 
  custom:container-muxer-webm: aa71ff27fc2769a1b78a27578f13a17b -> 
  custom:container-demuxer-webm: 4f35f7cbe854078d1ac9338744f61a02 -> 
  custom:video-encoder-webm-vp8: eb34c28f22e8b96e1ab97ce403110664 -> 
  custom:video-codec-MediaFoundation-h265: 746d11721c4dcdbdad8f713fa42b33f4 -> 
  custom:audio-encoder-webm-vorbis: bf7c407c2cedff20999df2af8eb42d56 -> 
  custom:framework-win-MediaFoundation: 216162199b28c13a410421893ffa2e32 -> 
  custom:container-demuxer-ogg: 62fdf1f143b41e24485cea50d1cbac27 -> 
  custom:video-decoder-webm-vp8: 9c59270c3fd7afecdb556c50c9e8de78 -> 
  custom:audio-decoder-ogg-vorbis: bf7c407c2cedff20999df2af8eb42d56 -> 
========================================================================
Received Prepare
Registering precompiled user dll's ...
Registered in 0.016380 seconds.
Begin MonoManager ReloadAssembly
Symbol file LoadedFromMemory doesn't match image C:\Users\a0108\OneDrive\바탕 화면\6주차\Library\PackageCache\com.unity.visualscripting@1.8.0\Editor\VisualScripting.Core\Dependencies\YamlDotNet\Unity.VisualScripting.YamlDotNet.dll
Symbol file LoadedFromMemory doesn't match image C:\Users\a0108\OneDrive\바탕 화면\6주차\Library\PackageCache\com.unity.visualscripting@1.8.0\Editor\VisualScripting.Core\Dependencies\DotNetZip\Unity.VisualScripting.IonicZip.dll
Native extension for WindowsStandalone target not found
Native extension for WebGL target not found
Refreshing native plugins compatible for Editor in 0.68 ms, found 3 plugins.
Preloading 0 native plugins for Editor in 0.00 ms.
Mono: successfully reloaded assembly
- Completed reload, in  1.920 seconds
Domain Reload Profiling:
	ReloadAssembly (1921ms)
		BeginReloadAssembly (298ms)
			ExecutionOrderSort (0ms)
			DisableScriptedObjects (8ms)
			BackupInstance (0ms)
			ReleaseScriptingObjects (0ms)
			CreateAndSetChildDomain (53ms)
		EndReloadAssembly (1396ms)
			LoadAssemblies (251ms)
			RebuildTransferFunctionScriptingTraits (0ms)
			SetupTypeCache (472ms)
			ReleaseScriptCaches (2ms)
			RebuildScriptCaches (65ms)
			SetupLoadedEditorAssemblies (553ms)
				LogAssemblyErrors (0ms)
				InitializePlatformSupportModulesInManaged (18ms)
				SetLoadedEditorAssemblies (1ms)
				RefreshPlugins (1ms)
				BeforeProcessingInitializeOnLoad (125ms)
				ProcessInitializeOnLoadAttributes (340ms)
				ProcessInitializeOnLoadMethodAttributes (36ms)
				AfterProcessingInitializeOnLoad (32ms)
				EditorAssembliesLoaded (0ms)
			ExecutionOrderSort2 (0ms)
			AwakeInstancesAfterBackupRestoration (26ms)
Platform modules already initialized, skipping
Refreshing native plugins compatible for Editor in 8.41 ms, found 3 plugins.
Preloading 0 native plugins for Editor in 0.00 ms.
Unloading 3042 Unused Serialized files (Serialized files now loaded: 0)
Unloading 15 unused Assets / (24.7 KB). Loaded Objects now: 3523.
Memory consumption went from 111.6 MB to 111.5 MB.
Total: 4.666100 ms (FindLiveObjects: 0.285200 ms CreateObjectMapping: 0.145100 ms MarkObjects: 4.168100 ms  DeleteObjects: 0.065100 ms)

AssetImportParameters requested are different than current active one (requested -> active):
  custom:video-decoder-ogg-theora: a1e56fd34408186e4bbccfd4996cb3dc -> 
  custom:container-muxer-webm: aa71ff27fc2769a1b78a27578f13a17b -> 
  custom:container-demuxer-webm: 4f35f7cbe854078d1ac9338744f61a02 -> 
  custom:video-encoder-webm-vp8: eb34c28f22e8b96e1ab97ce403110664 -> 
  custom:video-codec-MediaFoundation-h265: 746d11721c4dcdbdad8f713fa42b33f4 -> 
  custom:audio-encoder-webm-vorbis: bf7c407c2cedff20999df2af8eb42d56 -> 
  custom:framework-win-MediaFoundation: 216162199b28c13a410421893ffa2e32 -> 
  custom:container-demuxer-ogg: 62fdf1f143b41e24485cea50d1cbac27 -> 
  custom:video-decoder-webm-vp8: 9c59270c3fd7afecdb556c50c9e8de78 -> 
  custom:audio-decoder-ogg-vorbis: bf7c407c2cedff20999df2af8eb42d56 -> 
========================================================================
Received Import Request.
  Time since last request: 1452.799787 seconds.
  path: Assets/NewBehaviourScript.cs
  artifactKey: Guid(60405a917f622914a9551eb50f373da6) Importer(815301076,1909f56bfc062723c751e8b465ee728b)
Start importing Assets/NewBehaviourScript.cs using Guid(60405a917f622914a9551eb50f373da6) Importer(815301076,1909f56bfc062723c751e8b465ee728b)  -> (artifact id: '0cfbe42699f2102a9b4273a9cbab8126') in 0.016954 seconds 
========================================================================
Received Import Request.
  Time since last request: 12.486658 seconds.
  path: Assets/BaseRotater.cs
  artifactKey: Guid(60405a917f622914a9551eb50f373da6) Importer(815301076,1909f56bfc062723c751e8b465ee728b)
Start importing Assets/BaseRotater.cs using Guid(60405a917f622914a9551eb50f373da6) Importer(815301076,1909f56bfc062723c751e8b465ee728b)  -> (artifact id: '41382cdcbb96b82b4f89027119a2549f') in 0.004457 seconds 
========================================================================
Received Import Request.
  Time since last request: 24.653791 seconds.
  path: Assets/BaseRotator.cs
  artifactKey: Guid(60405a917f622914a9551eb50f373da6) Importer(815301076,1909f56bfc062723c751e8b465ee728b)
Start importing Assets/BaseRotator.cs using Guid(60405a917f622914a9551eb50f373da6) Importer(815301076,1909f56bfc062723c751e8b465ee728b)  -> (artifact id: '53db8a027bc019cad3a524d0b456ab6a') in 0.004180 seconds 
========================================================================
Received Import Request.
  Time since last request: 148.153109 seconds.
  path: Assets/BaseRotator.cs
  artifactKey: Guid(60405a917f622914a9551eb50f373da6) Importer(815301076,1909f56bfc062723c751e8b465ee728b)
Start importing Assets/BaseRotator.cs using Guid(60405a917f622914a9551eb50f373da6) Importer(815301076,1909f56bfc062723c751e8b465ee728b)  -> (artifact id: '7d052cde91e3b221130faf3827447ff3') in 0.006561 seconds 
========================================================================
Received Import Request.
  Time since last request: 197.149307 seconds.
  path: Assets/XRotater.cs
  artifactKey: Guid(e63ab722a98af8746aaa1f5c3eb58bb1) Importer(815301076,1909f56bfc062723c751e8b465ee728b)
Start importing Assets/XRotater.cs using Guid(e63ab722a98af8746aaa1f5c3eb58bb1) Importer(815301076,1909f56bfc062723c751e8b465ee728b)  -> (artifact id: '3dcdd5d584e99a947837d51b3b3d77fd') in 0.003225 seconds 
========================================================================
Received Import Request.
  Time since last request: 16.399884 seconds.
  path: Assets/YRotater.cs
  artifactKey: Guid(1fe2836ceb26cf942bdb8bf0075d9cdf) Importer(815301076,1909f56bfc062723c751e8b465ee728b)
Start importing Assets/YRotater.cs using Guid(1fe2836ceb26cf942bdb8bf0075d9cdf) Importer(815301076,1909f56bfc062723c751e8b465ee728b)  -> (artifact id: 'dcb7386766bba4099d00fa09930ec8fa') in 0.003999 seconds 
========================================================================
Received Import Request.
  Time since last request: 10.142128 seconds.
  path: Assets/ZRotater.cs
  artifactKey: Guid(f4f184ed7a1c19a41936439df860c700) Importer(815301076,1909f56bfc062723c751e8b465ee728b)
Start importing Assets/ZRotater.cs using Guid(f4f184ed7a1c19a41936439df860c700) Importer(815301076,1909f56bfc062723c751e8b465ee728b)  -> (artifact id: 'c1ba6c20a47ffbc598c6eb04e7216ce0') in 0.003320 seconds 
========================================================================
Received Import Request.
  Time since last request: 110177.554881 seconds.
  path: Assets/ZRotater.cs
  artifactKey: Guid(f4f184ed7a1c19a41936439df860c700) Importer(815301076,1909f56bfc062723c751e8b465ee728b)
Start importing Assets/ZRotater.cs using Guid(f4f184ed7a1c19a41936439df860c700) Importer(815301076,1909f56bfc062723c751e8b465ee728b)  -> (artifact id: '92763a746eb55d05632bad759e1a0fa8') in 0.017114 seconds 
========================================================================
Received Import Request.
  Time since last request: 589.836904 seconds.
  path: Assets/BaseMonster.cs
  artifactKey: Guid(b3ef9cbb01a4f1d4391ca5392b02c3bb) Importer(815301076,1909f56bfc062723c751e8b465ee728b)
Start importing Assets/BaseMonster.cs using Guid(b3ef9cbb01a4f1d4391ca5392b02c3bb) Importer(815301076,1909f56bfc062723c751e8b465ee728b)  -> (artifact id: '0d50c085c6efbdeead95dcea6f43b853') in 0.005378 seconds 
========================================================================
Received Import Request.
  Time since last request: 412.969547 seconds.
  path: Assets/BaseMonster.cs
  artifactKey: Guid(b3ef9cbb01a4f1d4391ca5392b02c3bb) Importer(815301076,1909f56bfc062723c751e8b465ee728b)
Start importing Assets/BaseMonster.cs using Guid(b3ef9cbb01a4f1d4391ca5392b02c3bb) Importer(815301076,1909f56bfc062723c751e8b465ee728b)  -> (artifact id: 'b2da45afc4525fc079e9e98bbdc5b2e0') in 0.014829 seconds 
========================================================================
Received Import Request.
  Time since last request: 26.442875 seconds.
  path: Assets/고블린.cs
  artifactKey: Guid(c07085687352eb442a817daf1a456266) Importer(815301076,1909f56bfc062723c751e8b465ee728b)
Start importing Assets/고블린.cs using Guid(c07085687352eb442a817daf1a456266) Importer(815301076,1909f56bfc062723c751e8b465ee728b)  -> (artifact id: '8d342ecaea89fb13b5803ed5bf167e1e') in 0.007405 seconds 
========================================================================
Received Import Request.
  Time since last request: 6.422709 seconds.
  path: Assets/오크.cs
  artifactKey: Guid(45e9fb4693788214eb55b396bbf3b1fd) Importer(815301076,1909f56bfc062723c751e8b465ee728b)
Start importing Assets/오크.cs using Guid(45e9fb4693788214eb55b396bbf3b1fd) Importer(815301076,1909f56bfc062723c751e8b465ee728b)  -> (artifact id: 'e99ad8d09315b4257415521a3071323f') in 0.004012 seconds 
========================================================================
Received Import Request.
  Time since last request: 247.843739 seconds.
  path: Assets/고블린.cs
  artifactKey: Guid(c07085687352eb442a817daf1a456266) Importer(815301076,1909f56bfc062723c751e8b465ee728b)
Start importing Assets/고블린.cs using Guid(c07085687352eb442a817daf1a456266) Importer(815301076,1909f56bfc062723c751e8b465ee728b)  -> (artifact id: 'ebd12c06d56ee3e589e85c8334a964a6') in 0.004368 seconds 
========================================================================
Received Import Request.
  Time since last request: 368.323917 seconds.
  path: Assets/PointManager.cs
  artifactKey: Guid(81714cf700df82d4588e7d7ec8b623fa) Importer(815301076,1909f56bfc062723c751e8b465ee728b)
Start importing Assets/PointManager.cs using Guid(81714cf700df82d4588e7d7ec8b623fa) Importer(815301076,1909f56bfc062723c751e8b465ee728b)  -> (artifact id: '15b931c1bbbdf3441e5e6e66f7e45c7e') in 0.005077 seconds 
========================================================================
Received Import Request.
  Time since last request: 299.291858 seconds.
  path: Assets/PointManager.cs
  artifactKey: Guid(81714cf700df82d4588e7d7ec8b623fa) Importer(815301076,1909f56bfc062723c751e8b465ee728b)
Start importing Assets/PointManager.cs using Guid(81714cf700df82d4588e7d7ec8b623fa) Importer(815301076,1909f56bfc062723c751e8b465ee728b)  -> (artifact id: '6c8ad12323a476b46819115e0af42932') in 0.004546 seconds 
========================================================================
Received Import Request.
  Time since last request: 33359.849334 seconds.
  path: Assets/PointManager.cs
  artifactKey: Guid(81714cf700df82d4588e7d7ec8b623fa) Importer(815301076,1909f56bfc062723c751e8b465ee728b)
Start importing Assets/PointManager.cs using Guid(81714cf700df82d4588e7d7ec8b623fa) Importer(815301076,1909f56bfc062723c751e8b465ee728b)  -> (artifact id: 'e189c5ef7888b15d4d4e21e2e9a8b448') in 0.009347 seconds 
